// Jest Snapshot v1, https://goo.gl/fbAQLP

exports[`it works 1`] = `
.c0 {
  background: #2471FF;
  border: none;
  padding: 10px 20px 10px 20px;
  border-bottom: 3px solid #5994FF;
  border-radius: 3px;
  color: #D2E2FF;
}

.c0:hover {
  background: #6B9FFF;
  color: #fff;
}

<button
  className="c0"
/>
`;
